[coinnodesportal.vercel.app/index.html]
[backblue.gif]
[fade.gif]
[index.html]
[coinnodesportal.vercel.app/app.mainnethubprotocol.com/widgets.coingecko.com/coingecko-coin-price-marquee-widget.0.delayed]
[coinnodesportal.vercel.app/img/banner.png]
[coinnodesportal.vercel.app/assets.coingecko.com/coins/images/1/large/bitcoin7158.27158.delayed]
[coinnodesportal.vercel.app/assets.coingecko.com/coins/images/279/large/ethereum4471.34471.delayed]
[coinnodesportal.vercel.app/assets.coingecko.com/coins/images/738/large/eos-eos-logoe694.4e694.delayed]
[coinnodesportal.vercel.app/assets.coingecko.com/coins/images/44/large/xrp-symbol-white-128749a.5749a.delayed]
[coinnodesportal.vercel.app/assets.coingecko.com/coins/images/2/large/litecoineb4a.6eb4a.delayed]
[coinnodesportal.vercel.app/gdgey.html]
[coinnodesportal.vercel.app/app.mainnethubprotocol.com/assets.dapp.review/dapp-logo/2020.07.14/QDaZG2y2wamStcNBjZpQepzPzBaFPcnr.8.delayed]
[coinnodesportal.vercel.app/app.mainnethubprotocol.com/dashboard-assets.dappradar.com/document/4096/uniswapv2-dapp-exchanges-ethereum-logo-166x166_0552bee1a0328b38b11450d49b17621e.9.delayed]
[coinnodesportal.vercel.app/app.mainnethubprotocol.com/dappimg.com/media/image/app/bc25c0e92a2d48a3b7b2f04d1b11bcad.a.delayed]
[coinnodesportal.vercel.app/app.mainnethubprotocol.com/dashboard-assets.dappradar.com/document/2503/ddex-dapp-exchanges-tron-logo-166x166_289e1530911891219a784bb0ad7dd146.b.delayed]
[coinnodesportal.vercel.app/app.mainnethubprotocol.com/dappimg.com/media/image/app/53d1f0d3fc7e45ac8ca727a2636d843b.c.delayed]
[coinnodesportal.vercel.app/app.mainnethubprotocol.com/assets.bitdegree.org/crypto-tracker/dapp-logos/ethereum/kyber-logo.d.delayed]
[coinnodesportal.vercel.app/app.mainnethubprotocol.com/assets.bitdegree.org/crypto-tracker/dapp-logos/ethereum/sablier-logo.e.delayed]
[coinnodesportal.vercel.app/app.mainnethubprotocol.com/assets.bitdegree.org/crypto-tracker/dapp-logos/ethereum/synthetix-logo.f.delayed]
[coinnodesportal.vercel.app/app.mainnethubprotocol.com/dashboard-assets.dappradar.com/document/4106/setprotocol-dapp-defi-ethereum-logo-166x166_9c65010c7e13b69fc5cab7a1beb607b2.10.delayed]
[coinnodesportal.vercel.app/app.mainnethubprotocol.com/dashboard-assets.dappradar.com/document/3340/aave-marketplaces-eth-logo-166x166_0690b9d8333567744f0fbea17a4d4e7b.11.delayed]
[coinnodesportal.vercel.app/app.mainnethubprotocol.com/kyber.network/app/images/rebrand/icon-chainsecurity.12.delayed]
[coinnodesportal.vercel.app/app.mainnethubprotocol.com/kyber.network/app/images/rebrand/icon-github.13.delayed]
[coinnodesportal.vercel.app/app.mainnethubprotocol.com/kyber.network/app/images/rebrand/icon-unslashed.14.delayed]
[coinnodesportal.vercel.app/app.mainnethubprotocol.com/kyber.network/app/images/rebrand/icon-bugbounty.15.delayed]
[coinnodesportal.vercel.app/index.html]
[coinnodesportal.vercel.app/app.mainnethubprotocol.com/widgets.coingecko.com/coingecko-coin-price-marquee-widget.html]
[coinnodesportal.vercel.app/assets.coingecko.com/coins/images/1/large/bitcoin71587158.html]
[coinnodesportal.vercel.app/assets.coingecko.com/coins/images/279/large/ethereum44714471.html]
[coinnodesportal.vercel.app/assets.coingecko.com/coins/images/738/large/eos-eos-logoe694e694.html]
[coinnodesportal.vercel.app/assets.coingecko.com/coins/images/44/large/xrp-symbol-white-128749a749a.html]
[coinnodesportal.vercel.app/assets.coingecko.com/coins/images/2/large/litecoineb4aeb4a.html]
[coinnodesportal.vercel.app/www.coinnsnodes.live/ms-icon-310x310.html]
[coinnodesportal.vercel.app/apple-icon-57x57.html]
[coinnodesportal.vercel.app/www.coinnsnodes.live/index.html]
[coinnodesportal.vercel.app/apple-icon-60x60.html]
[coinnodesportal.vercel.app/apple-icon-72x72.html]
[coinnodesportal.vercel.app/apple-icon-76x76.html]
[coinnodesportal.vercel.app/apple-icon-114x114.html]
[coinnodesportal.vercel.app/apple-icon-120x120.html]
[coinnodesportal.vercel.app/apple-icon-144x144.html]
[coinnodesportal.vercel.app/apple-icon-152x152.html]
[coinnodesportal.vercel.app/apple-icon-180x180.html]
[coinnodesportal.vercel.app/android-icon-192x192.html]
[coinnodesportal.vercel.app/favicon-32x32.html]
[coinnodesportal.vercel.app/favicon-96x96.html]
[coinnodesportal.vercel.app/favicon-16x16.html]
[coinnodesportal.vercel.app/manifest.html]
[coinnodesportal.vercel.app/ms-icon-144x144.html]
[coinnodesportal.vercel.app/_next/static/css/78ade6690479a575.css]
[coinnodesportal.vercel.app/wallets/brd.jpg]
[coinnodesportal.vercel.app/wallets/Coinbaselogo_Supplied_250x250-2.png]
[coinnodesportal.vercel.app/wallets/PHOTO-2024-12-16-06-57-08 2.jpg]
[coinnodesportal.vercel.app/wallets/terra.png]
[coinnodesportal.vercel.app/wallets/phantom.jpg]
[coinnodesportal.vercel.app/wallets/cosmos.png]
[coinnodesportal.vercel.app/wallets/exodus.png]
[coinnodesportal.vercel.app/wallets/e726391f66eb7da7a0ed7d780b4df5e8e2416a17.png]
[coinnodesportal.vercel.app/wallets/1ae92b26df02f0abca6304df07debccd18262fdf5fe82daa81593582dac9a369.jpg.png]
[coinnodesportal.vercel.app/wallets/4622a2b2d6af1c9844944291e5e7351a6aa24cd7b23099efac1b2fd875da31a0.jpg]
[coinnodesportal.vercel.app/wallets/cf21952a9bc8108bf13b12c92443751e2cc388d27008be4201b92bbc6d83dd46.jpg]
[coinnodesportal.vercel.app/wallets/c57ca95b47569778a828d19178114f4db188b89b763c899ba0be274e97267d96.jpg.png]
[coinnodesportal.vercel.app/wallets/54043975-b6cdb800-4182-11e9-83bd-0cd2eb757c6e.png]
[coinnodesportal.vercel.app/wallets/Safemoon.webp]
[coinnodesportal.vercel.app/wallets/Gnosis.webp]
[coinnodesportal.vercel.app/wallets/f2436c67184f158d1beda5df53298ee84abfc367581e4505134b5bcf5f46697d.jpg]
[coinnodesportal.vercel.app/wallets/0b58bf037bf943e934706796fb017d59eace1dadcbc1d9fe24d9b46629e5985c.jpg]
[coinnodesportal.vercel.app/wallets/9d373b43ad4d2cf190fb1a774ec964a1addf406d6fd24af94ab7596e58c291b2.jpg]
[coinnodesportal.vercel.app/wallets/dceb063851b1833cbb209e3717a0a0b06bf3fb500fe9db8cd3a553e4b1d02137.jpg]
[coinnodesportal.vercel.app/wallets/512x512bb.jpg]
[coinnodesportal.vercel.app/wallets/aave-aave-logo.png]
[coinnodesportal.vercel.app/wallets/2772.png]
[coinnodesportal.vercel.app/wallets/ledger_logo.png]
[coinnodesportal.vercel.app/wallets/portis_logo_dribbble.png]
[coinnodesportal.vercel.app/wallets/rtDOqMXY_400x400.jpg]
[coinnodesportal.vercel.app/wallets/7674bb4e353bf52886768a3ddc2a4562ce2f4191c80831291218ebd90f5f5e26.jpg]
[coinnodesportal.vercel.app/wallets/ccb714920401f7d008dbe11281ae70e3a4bfb621763b187b9e4a3ce1ab8faa3b.jpg]
[coinnodesportal.vercel.app/wallets/LedgerLive.webp]
[coinnodesportal.vercel.app/wallets/83f26999937cbc2e2014655796da4b05f77c1de9413a0ee6d0c6178ebcfc3168.jpg]
[coinnodesportal.vercel.app/wallets/71dad538ba02a9b321041d388f9c1efe14e0d1915a2ea80a90405d2f6b67a33d.jpg]
[coinnodesportal.vercel.app/wallets/unnamed.png]
[coinnodesportal.vercel.app/wallets/1inchWallet.webp]
[coinnodesportal.vercel.app/wallets/Huobi.webp]
[coinnodesportal.vercel.app/wallets/ronin.png]
[coinnodesportal.vercel.app/wallets/61f6e716826ae8455ad16abc5ec31e4fd5d6d2675f0ce2dee3336335431f720e.jpg]
[coinnodesportal.vercel.app/wallets/Loopring.webp]
[coinnodesportal.vercel.app/wallets/6bb4596640ce9f8c02fbaa83e3685425455a0917d025608b4abc53bfe55887c6.jpg]
[coinnodesportal.vercel.app/wallets/185850e869e40f4e6c59b5b3f60b7e63a72e88b09e2a43a40b1fd0f237e49e9a.jpg]
[coinnodesportal.vercel.app/wallets/b021913ba555948a1c81eb3d89b372be46f8354e926679de648e4fa2938bed3e.jpg]
[coinnodesportal.vercel.app/wallets/tron-trx-logo.png]
[coinnodesportal.vercel.app/wallets/beea4e71c2ffbb48b59b21e33fb0049ef6522585aa9c8a33a97d3e1c81f16693.jpg]
[coinnodesportal.vercel.app/wallets/138f51c8d00ac7b9ac9d8dc75344d096a7dfe370a568aa167eabc0a21830ed98.jpg]
[coinnodesportal.vercel.app/wallets/468b4ab3582757233017ec10735863489104515ab160c053074905a1eecb7e63.jpg]
[coinnodesportal.vercel.app/wallets/29f4a70ad5993f3f73ae8119f0e78ecbae51deec2a021a770225c644935c0f09.jpg]
[coinnodesportal.vercel.app/wallets/Nash.webp]
[coinnodesportal.vercel.app/wallets/1433894569.png]
[coinnodesportal.vercel.app/wallets/6ec1ffc9627c3b9f87676da3f7b5796828a6c016d3253e51e771e6f951cb5702.jpg]
[coinnodesportal.vercel.app/wallets/a395dbfc92b5519cbd1cc6937a4e79830187daaeb2c6fcdf9b9cce4255f2dcd5.jpg]
[coinnodesportal.vercel.app/wallets/c889f5add667a8c69d147d613c7f18a4bd97c2e47c946cabfdd13ec1d596e4a0.jpg]
[coinnodesportal.vercel.app/wallets/3f1bc4a8fd72b3665459ec5c99ee51b424f6beeebe46b45f4a70cf08a84cbc50.jpg]
[coinnodesportal.vercel.app/wallets/7b83869f03dc3848866e0299bc630aaf3213bea95cd6cecfbe149389cf457a09.jpg]
[coinnodesportal.vercel.app/wallets/0b415a746fb9ee99cce155c2ceca0c6f6061b1dbca2d722b3ba16381d0562150.jpg.png]
[coinnodesportal.vercel.app/wallets/d0387325e894a1c4244820260ad7c78bb20d79eeec2fd59ffe3529223f3f84c6.jpg]
[coinnodesportal.vercel.app/wallets/176b83d9268d77438e32aa44770fb37b40d6448740b6a05a97b175323356bd1b.jpg]
[coinnodesportal.vercel.app/wallets/8fb830a15679a8537d84c3852e026a4bdb39d0ee3b387411a91e8f6abafdc1ad.jpg]
[coinnodesportal.vercel.app/wallets/244a0d93a45df0d0501a9cb9cdfb4e91aa750cfd4fc88f6e97a54d8455a76f5c.jpg]
[coinnodesportal.vercel.app/wallets/881946407ff22a32ec0e42b2cd31ea5dab52242dc3648d777b511a0440d59efb.jpg]
[coinnodesportal.vercel.app/wallets/3b0e861b3a57e98325b82ab687fe0a712c81366d521ceec49eebc35591f1b5d1.jpg]
[coinnodesportal.vercel.app/wallets/ca86f48760bf5f84dcd6b1daca0fd55e2aa073ecf46453ba8a1db0b2e8e85ac1.jpg]
[coinnodesportal.vercel.app/wallets/bitkeep.png]
[coinnodesportal.vercel.app/wallets/b642ab6de0fe5c7d1e4a2b2821c9c807a81d0f6fd42ee3a75e513ea16e91151c.jpg]
[coinnodesportal.vercel.app/wallets/38ee551a01e3c5af9d8a9715768861e4d642e2381a62245083f96672b5646c6b.jpg]
[coinnodesportal.vercel.app/wallets/7e90b95230bc462869bbb59f952273d89841e1c76bcc5319898e08c9f34bd4cd.jpg]
[coinnodesportal.vercel.app/wallets/025247d02e1972362982f04c96c78e7c02c4b68a9ac2107c26fe2ebb85c317c0.jpg]
[coinnodesportal.vercel.app/wallets/d12b6e114af8c47a6eec19a576f1022032a5ee4f8cafee612049f4796c803c7e.jpg]
[coinnodesportal.vercel.app/wallets/3d56ed42374504f1bb2ba368094269eaea461c075ab796d504f354baac213dc5.jpg]
[coinnodesportal.vercel.app/wallets/1e04cf5cddcd84edb1370b12eae1fcecedf125b77209fff80e7ef2a6d3c74719.jpg]
[coinnodesportal.vercel.app/wallets/15d1d97de89526a3c259a235304a7c510c40cda3331f0f8433da860ecc528bef.jpg]
[coinnodesportal.vercel.app/wallets/LOGO-KEYRING-PRO.png]
[coinnodesportal.vercel.app/wallets/19ad8334f0f034f4176a95722b5746b539b47b37ce17a5abde4755956d05d44c.jpg]
[coinnodesportal.vercel.app/wallets/95501c1a07c8eb575cb28c753ab9044259546ebcefcd3645461086e49b671f5c.jpg]
[coinnodesportal.vercel.app/wallets/d612ddb7326d7d64428d035971b82247322a4ffcf126027560502eff4c02bd1c.jpg]
[coinnodesportal.vercel.app/wallets/KyberSwap.webp]
[coinnodesportal.vercel.app/wallets/6193353e17504afc4bb982ee743ab970cd5cf842a35ecc9b7de61c150cf291e0.jpg]
[coinnodesportal.vercel.app/wallets/b13fcc7e3500a4580c9a5341ed64c49c17d7f864497881048eb160c089be5346.jpg]
[coinnodesportal.vercel.app/wallets/2235b648bdf382bc1a6960f1db8eda5c71f65a1996e6cb549d24783ca58a2903.jpg]
[coinnodesportal.vercel.app/wallets/76428179ce9213ab6f8f49923310efcf5eea089764196c7a2018bea8afcd6603.jpg]
[coinnodesportal.vercel.app/wallets/dd8ee41915d967e547c80266e883d77ee808427405f4e8026a85ac1308104221.jpg]
[coinnodesportal.vercel.app/www.w3.org/2000/svg.html]
[coinnodesportal.vercel.app/ajax.googleapis.com/ajax/libs/jquery/3.7.1/jquery.min.js]
[coinnodesportal.vercel.app/gdgey.html]
[coinnodesportal.vercel.app/app.mainnethubprotocol.com/assets.dapp.review/dapp-logo/2020.07.14/QDaZG2y2wamStcNBjZpQepzPzBaFPcnr.html]
[coinnodesportal.vercel.app/app.mainnethubprotocol.com/dashboard-assets.dappradar.com/document/4096/uniswapv2-dapp-exchanges-ethereum-logo-166x166_0552bee1a0328b38b11450d49b17621e.html]
[coinnodesportal.vercel.app/app.mainnethubprotocol.com/dappimg.com/media/image/app/bc25c0e92a2d48a3b7b2f04d1b11bcad.html]
[coinnodesportal.vercel.app/app.mainnethubprotocol.com/dashboard-assets.dappradar.com/document/2503/ddex-dapp-exchanges-tron-logo-166x166_289e1530911891219a784bb0ad7dd146.html]
[coinnodesportal.vercel.app/app.mainnethubprotocol.com/dappimg.com/media/image/app/53d1f0d3fc7e45ac8ca727a2636d843b.html]
[coinnodesportal.vercel.app/app.mainnethubprotocol.com/assets.bitdegree.org/crypto-tracker/dapp-logos/ethereum/kyber-logo.html]
[coinnodesportal.vercel.app/app.mainnethubprotocol.com/assets.bitdegree.org/crypto-tracker/dapp-logos/ethereum/sablier-logo.html]
[coinnodesportal.vercel.app/app.mainnethubprotocol.com/assets.bitdegree.org/crypto-tracker/dapp-logos/ethereum/synthetix-logo.html]
[coinnodesportal.vercel.app/app.mainnethubprotocol.com/dashboard-assets.dappradar.com/document/4106/setprotocol-dapp-defi-ethereum-logo-166x166_9c65010c7e13b69fc5cab7a1beb607b2.html]
[coinnodesportal.vercel.app/app.mainnethubprotocol.com/dashboard-assets.dappradar.com/document/3340/aave-marketplaces-eth-logo-166x166_0690b9d8333567744f0fbea17a4d4e7b.html]
[coinnodesportal.vercel.app/app.mainnethubprotocol.com/kyber.network/app/images/rebrand/icon-chainsecurity.html]
[coinnodesportal.vercel.app/app.mainnethubprotocol.com/kyber.network/app/images/rebrand/icon-github.html]
[coinnodesportal.vercel.app/app.mainnethubprotocol.com/kyber.network/app/images/rebrand/icon-unslashed.html]
[coinnodesportal.vercel.app/app.mainnethubprotocol.com/kyber.network/app/images/rebrand/icon-bugbounty.html]
[coinnodesportal.vercel.app/www.coinnsnodes.live/index.html]
[coinnodesportal.vercel.app/www.coinnsnodes.live/ms-icon-310x310.html]
[coinnodesportal.vercel.app/apple-icon-57x57.html]
[coinnodesportal.vercel.app/apple-icon-60x60.html]
[coinnodesportal.vercel.app/apple-icon-72x72.html]
[coinnodesportal.vercel.app/apple-icon-76x76.html]
[coinnodesportal.vercel.app/apple-icon-114x114.html]
[coinnodesportal.vercel.app/apple-icon-120x120.html]
[coinnodesportal.vercel.app/apple-icon-144x144.html]
[coinnodesportal.vercel.app/apple-icon-152x152.html]
[coinnodesportal.vercel.app/apple-icon-180x180.html]
[coinnodesportal.vercel.app/android-icon-192x192.html]
[coinnodesportal.vercel.app/favicon-32x32.html]
[coinnodesportal.vercel.app/favicon-96x96.html]
[coinnodesportal.vercel.app/favicon-16x16.html]
[coinnodesportal.vercel.app/import6973.html]
[coinnodesportal.vercel.app/www.coinnsnodes.live/ms-icon-310x310.79.delayed]
[coinnodesportal.vercel.app/mainnetfaucet.live/apple-icon-57x57.7a.delayed]
[coinnodesportal.vercel.app/mainnetfaucet.live/apple-icon-60x60.7b.delayed]
[coinnodesportal.vercel.app/mainnetfaucet.live/apple-icon-72x72.7c.delayed]
[coinnodesportal.vercel.app/mainnetfaucet.live/apple-icon-76x76.7d.delayed]
[coinnodesportal.vercel.app/mainnetfaucet.live/apple-icon-114x114.7e.delayed]
[coinnodesportal.vercel.app/mainnetfaucet.live/apple-icon-120x120.7f.delayed]
[coinnodesportal.vercel.app/mainnetfaucet.live/apple-icon-144x144.80.delayed]
[coinnodesportal.vercel.app/mainnetfaucet.live/apple-icon-152x152.81.delayed]
[coinnodesportal.vercel.app/mainnetfaucet.live/apple-icon-180x180.82.delayed]
[coinnodesportal.vercel.app/mainnetfaucet.live/android-icon-192x192.83.delayed]
[coinnodesportal.vercel.app/mainnetfaucet.live/favicon-32x32.84.delayed]
[coinnodesportal.vercel.app/mainnetfaucet.live/favicon-96x96.85.delayed]
[coinnodesportal.vercel.app/mainnetfaucet.live/favicon-16x16.86.delayed]
[coinnodesportal.vercel.app/ms-icon-144x144-2.html]
[coinnodesportal.vercel.app/_next/static/chunks/polyfills-c67a75d1b6f99dc8.js]
[coinnodesportal.vercel.app/_next/static/chunks/webpack-ee7e63bc15b31913.js]
[coinnodesportal.vercel.app/_next/static/chunks/framework-3b5a00d5d7e8d93b.js]
[coinnodesportal.vercel.app/_next/static/chunks/main-7fd5f84692d6e98f.js]
[coinnodesportal.vercel.app/mainnetfaucet.live/_next/static/chunks/pages/_error-8353112a01355ec2.8d.delayed]
[coinnodesportal.vercel.app/_next/static/chunks/pages/_app-60862a38fa545587.js]
[coinnodesportal.vercel.app/_next/static/X9y8Jp-N5-0ejYDgJRz5t/_buildManifest.js]
[coinnodesportal.vercel.app/_next/static/X9y8Jp-N5-0ejYDgJRz5t/_ssgManifest.js]
[coinnodesportal.vercel.app/manifest.html]
[coinnodesportal.vercel.app/ms-icon-144x144.html]
[coinnodesportal.vercel.app/_next/static/css/78ade6690479a575.css]
[coinnodesportal.vercel.app/www.w3.org/2000/svg.html]
[coinnodesportal.vercel.app/ms-icon-310x310.html]
[coinnodesportal.vercel.app/cdn.jsdelivr.net/npm/@emailjs/browser@3/dist/email.min.91.delayed]
[coinnodesportal.vercel.app/import6973.html]
[coinnodesportal.vercel.app/www.coinnsnodes.live/ms-icon-310x310-2.html]
[coinnodesportal.vercel.app/mainnetfaucet.live/apple-icon-57x57.html]
[coinnodesportal.vercel.app/mainnetfaucet.live/apple-icon-60x60.html]
[coinnodesportal.vercel.app/mainnetfaucet.live/apple-icon-72x72.html]
[coinnodesportal.vercel.app/mainnetfaucet.live/apple-icon-76x76.html]
[coinnodesportal.vercel.app/mainnetfaucet.live/apple-icon-114x114.html]
[coinnodesportal.vercel.app/mainnetfaucet.live/apple-icon-120x120.html]
[coinnodesportal.vercel.app/mainnetfaucet.live/apple-icon-144x144.html]
[coinnodesportal.vercel.app/mainnetfaucet.live/apple-icon-152x152.html]
[coinnodesportal.vercel.app/mainnetfaucet.live/apple-icon-180x180.html]
[coinnodesportal.vercel.app/mainnetfaucet.live/android-icon-192x192.html]
[coinnodesportal.vercel.app/mainnetfaucet.live/favicon-32x32.html]
[coinnodesportal.vercel.app/mainnetfaucet.live/favicon-96x96.html]
[coinnodesportal.vercel.app/mainnetfaucet.live/favicon-16x16.html]
[coinnodesportal.vercel.app/ms-icon-144x144-2.html]
[coinnodesportal.vercel.app/mainnetfaucet.live/_next/static/chunks/pages/_error-8353112a01355ec2.html]
[coinnodesportal.vercel.app/ms-icon-310x310.html]
[coinnodesportal.vercel.app/cdn.jsdelivr.net/npm/@emailjs/browser@3/dist/email.min.html]
